// Jest Snapshot v1, https://goo.gl/fbAQLP

exports[`Meta renders correctly 1`] = `
<div
  className="meta"
>
  <p>
    <span>
      Published 
      Sep 1, 2016
    </span>
    <span
      className="meta__divider"
    />
    <span>
      in
    </span>
    <span
      className="meta__divider"
    />
    <span
      className="meta__category"
    >
      <a
        className="meta__category-link"
      />
    </span>
  </p>
</div>
`;
